---
source: tests/ui/test_help.rs
expression: terminal.backend()
---
"┌───────────────────────────────── Tij - Help ─────────────────────────────────┐"
"│Key bindings:                                                                 │"
"│                                                                              │"
"│Global:                                                                       │"
"│  q         Quit / Back                                                       │"
"│  ?         Help                                                              │"
"│  Tab       Switch view                                                       │"
"│  Esc       Back to previous                                                  │"
"│  Ctrl+l    Refresh                                                           │"
"│                                                                              │"
"│Navigation:                                                                   │"
"│  j/k       Move down/up                                                      │"
"│  g/G       Go to top/bottom                                                  │"
"│                                                                              │"
"│Log View:                                                                     │"
"│  Enter     Show diff                                                         │"
"│  d         Describe (1-line quick edit; opens editor for multi-line)         │"
"│  Ctrl+e    Describe in external editor (full text)                           │"
"│  e         Edit change                                                       │"
"│  c         Create new change                                                 │"
"│  C         New from selected (Log)                                           │"
"│  /         Search in list                                                    │"
"│  r         Revset filter                                                     │"
"│  n/N       Next/prev search                                                  │"
"│  s         Status view                                                       │"
"│  o         Operation history                                                 │"
"│  u         Undo                                                              │"
"│  Ctrl+r    Redo                                                              │"
"│  S         Squash (select target)                                            │"
"│  A         Abandon change                                                    │"
"│  x         Split change                                                      │"
"│  b         Create bookmark                                                   │"
"│  D         Delete bookmark                                                   │"
"│  R         Rebase (r/s/A/B)                                                  │"
"│  B         Absorb changes                                                    │"
"│  X         Resolve conflicts                                                 │"
"│  F         Git fetch                                                         │"
"│  P         Git push                                                          │"
"│  T         Track remote bookmarks                                            │"
"│  '         Jump to bookmark                                                  │"
"│  =         Compare revisions                                                 │"
"│  M         Bookmark view                                                     │"
"│  p         Toggle preview pane                                               │"
"│  ]/[       Move @ to next/prev                                               │"
"│  V         Toggle reversed order                                             │"
"│  Y         Duplicate change                                                  │"
"│  E         Diffedit (external diff editor)                                   │"
"│  L         Evolution log (change history)                                    │"
"│                                                                              │"
"│Input Mode:                                                                   │"
"│  Enter     Submit input                                                      │"
"│  Esc       Cancel input                                                      │"
"│  Backspace Delete character                                                  │"
"│                                                                              │"
"│Diff View:                                                                    │"
"│  j/k       Scroll down/up                                                    │"
"│  d/u       Half page down/up                                                 │"
"│  g/G       Go to top/bottom                                                  │"
"│  ]/[       Next/prev file                                                    │"
"│  a         Show file blame                                                   │"
"│  q         Back to log                                                       │"
"│                                                                              │"
"│Status View:                                                                  │"
"│  j/k       Move down/up                                                      │"
"│  g/G       Go to top/bottom                                                  │"
"│  Enter     Show file diff                                                    │"
"│  a         Show file blame                                                   │"
"│  C         Commit changes                                                    │"
"│  f         Jump to conflict                                                  │"
"│  r         Restore file                                                      │"
"│  R         Restore all files                                                 │"
"│  E         Diffedit (external diff editor)                                   │"
"│  Tab       Switch to log                                                     │"
"│  q         Quit                                                              │"
"│                                                                              │"
"│Bookmark View:                                                                │"
"│  j/k       Move down/up                                                      │"
"│  g/G       Go to top/bottom                                                  │"
"│  Enter     Jump to bookmark in log                                           │"
"│  T         Track remote bookmark                                             │"
"│  U         Untrack remote bookmark                                           │"
"│  D         Delete local bookmark                                             │"
"│  r         Rename bookmark                                                   │"
"│  f         Forget bookmark (remove tracking)                                 │"
"│  m         Move bookmark to @                                                │"
"│  u         Undo                                                              │"
"│  q         Back to log                                                       │"
"│                                                                              │"
"│Operation View:                                                               │"
"└──────────────────────────────────────────────────────────────────────────────┘"
