---
source: tests/ui/test_log.rs
expression: terminal.backend()
---
"┌─────────────────────────────── Tij - Log View ───────────────────────────────┐"
"│@  kxryzmql test@example.com 2025-01-15 10:30:00 [CONFLICT] Merge branch with │"
"│○  mzvwqtsr test@example.com 2025-01-15 10:30:00 main Clean commit            │"
"│                                                                              │"
"│                                                                              │"
"│                                                                              │"
"│                                                                              │"
"│                                                                              │"
"│                                                                              │"
"│                                                                              │"
"│                                                                              │"
"│                                                                              │"
"│                                                                              │"
"│                                                                              │"
"│                                                                              │"
"│                                                                              │"
"│                                                                              │"
"│                                                                              │"
"│                                                                              │"
"│                                                                              │"
"│                                                                              │"
"│                                                                              │"
"│                                                                              │"
"└──────────────────────────────────────────────────────────────────────────────┘"
