---
source: tests/ui/test_log.rs
expression: terminal.backend()
---
"┌─────────────────────────────── Tij - Log View ───────────────────────────────┐"
"│                                                                              │"
"│                               No changes found.                              │"
"│                                                                              │"
"│                        Hint: Try '/' with revset all()                       │"
"│                                                                              │"
"│                                                                              │"
"│                                                                              │"
"│                                                                              │"
"│                                                                              │"
"│                                                                              │"
"│                                                                              │"
"│                                                                              │"
"│                                                                              │"
"│                                                                              │"
"│                                                                              │"
"│                                                                              │"
"│                                                                              │"
"│                                                                              │"
"│                                                                              │"
"│                                                                              │"
"│                                                                              │"
"│                                                                              │"
"└──────────────────────────────────────────────────────────────────────────────┘"
