---
source: tests/ui/test_evolog.rs
expression: terminal.backend()
---
"┌────────────────────────── Evolution Log: xqnktzml ───────────────────────────┐"
"│33333333  2026-06-03 12:00:00  feat: final wording                            │"
"│22222222  2026-06-02 12:00:00  feat: first draft                              │"
"│11111111  2026-06-01 12:00:00  [empty] (no description set)                   │"
"│                                                                              │"
"│                                                                              │"
"│                                                                              │"
"│                                                                              │"
"│                                                                              │"
"│                                                                              │"
"│                                                                              │"
"└──────────────────────────────────────────────────────────────────────────────┘"
