---
source: tests/ui/test_bookmark.rs
expression: out
---
"┌─────────────────────────────── Bookmarks (0) ────────────────────────────────┐"
"│No bookmarks found                                                            │"
"│                                                                              │"
"│                                                                              │"
"│                                                                              │"
"│                                                                              │"
"│                                                                              │"
"│                                                                              │"
"│                                                                              │"
"│                                                                              │"
"│                                                                              │"
"│                                                                              │"
"│                                                                              │"
"│                                                                              │"
"└──────────────────────────────────────────────────────────────────────────────┘"
" [?] Help   [n] Create   [u] Undo   [^R] Redo   [^L] Refresh   [q] Back         "
