---
source: tests/ui/test_help.rs
expression: terminal.backend()
---
"┌────────────────── Tij - Help ──────────────────┐"
"│Key bindings:                                   │"
"│                                                │"
"│Global:                                         │"
"│  q         Quit / Back                         │"
"│  ?         Help                                │"
"│  Tab       Switch view                         │"
"│  Esc       Back to previous                    │"
"│  Ctrl+l    Refresh                             │"
"│                                                │"
"│Navigation:                                     │"
"│  j/k       Move down/up                        │"
"│  g/G       Go to top/bottom                    │"
"│                                                │"
"│Log View:                                       │"
"│  Enter     Show diff                           │"
"│  d         Edit description                    │"
"│  e         Edit change                         │"
"│  c         Create new change                   │"
"│  C         New from selected (Log)             │"
"│  /         Search in list                      │"
"│  r         Revset filter                       │"
"│  n/N       Next/prev search                    │"
"│  s         Status view                         │"
"│  o         Operation history                   │"
"│  u         Undo                                │"
"│  Ctrl+r    Redo                                │"
"│  S         Squash (select target)              │"
"│  A         Abandon change                      │"
"└────────────────────────────────────────────────┘"
