---
source: tests/ui/test_log.rs
expression: terminal.backend()
---
"┌────────────────────── Tij - Log View [ancestors(@, 5)] ──────────────────────┐"
"│@  kxryzmql test@example.com 2025-01-15 10:30:00 Latest change                │"
"│○  mzvwqtsr test@example.com 2025-01-15 10:30:00 Parent change                │"
"│                                                                              │"
"│                                                                              │"
"│                                                                              │"
"│                                                                              │"
"│                                                                              │"
"│                                                                              │"
"│                                                                              │"
"│                                                                              │"
"│                                                                              │"
"│                                                                              │"
"│                                                                              │"
"│                                                                              │"
"│                                                                              │"
"│                                                                              │"
"│                                                                              │"
"│                                                                              │"
"│                                                                              │"
"│                                                                              │"
"│                                                                              │"
"│                                                                              │"
"└──────────────────────────────────────────────────────────────────────────────┘"
