---
source: tests/ui/test_dialog.rs
expression: terminal.backend()
---
"                                                            "
"                                                            "
"     ┌ Confirm ───────────────────────────────────────┐     "
"     │                                                │     "
"     │             Delete bookmark 'main'?            │     "
"     │                                                │     "
"     │                [Y]es       [N]o                │     "
"     │                                                │     "
"     └────────────────────────────────────────────────┘     "
"                                                            "
"                                                            "
"                                                            "
